== adversarial_results/cfa_rerun_2026-08-20/search_history.db
  [domain           ] causal_flash_attention       n= 20 failed=['kernel_executed']
      84a7f6f7 shapes=[(64, 64)]
      225493a0 shapes=[(64, 64)]
      2e429b94 shapes=[(64, 64)]
      08c39f46 shapes=[(64, 64)]
      9287e744 shapes=[(48, 32)]
  [domain           ] causal_flash_attention       n=  9 failed=['nan_inf', 'dtype_preserved']
      51a0e4b1 shapes=[(64, 48)]
      65c17fa2 shapes=[(4, 33, 32)]
      68b8c987 shapes=[(64, 48)]
      af2dc964 shapes=[(2, 4, 96, 64)]
      793d3f0a shapes=[(32, 33)]
== adversarial_results/cfa_rerun_postfix_2026-08-21/search_history.db
  [domain           ] causal_flash_attention       n=  4 failed=[]
      37f3f324 shapes=[(64, 64)]
      44b3afe0 shapes=[(64, 64)]
      ade86158 shapes=[(64, 64)]
      d410048b shapes=[(64, 64)]
  [domain           ] causal_flash_attention       n= 12 failed=['nan_inf', 'dtype_preserved']
      23d4687a shapes=[(2, 32, 64)]
      64e84e4f shapes=[(64, 48)]
      511bc1c8 shapes=[(64, 48)]
      46cf3f3a shapes=[(1, 1, 65, 64)]
      fc7a7d44 shapes=[(1, 64, 64)]
== adversarial_results/search_history.db
  [domain           ] argmax                       n=  3 failed=['kernel_executed']
      cfc1ac87 shapes=[(64, 513)]
      c70ceefc shapes=[(64, 128)]
      24ed9f13 shapes=[(32, 128)]
  [domain           ] causal_flash_attention       n= 25 failed=['kernel_executed']
      d132ee2c shapes=[(4, 16)]
      ebc4f7e1 shapes=[(16, 32)]
      2e4892e3 shapes=[(33, 32)]
      7841bb40 shapes=[(8, 16)]
      db5b8419 shapes=[(64, 16)]
  [domain           ] causal_flash_attention       n= 44 failed=['nan_inf', 'dtype_preserved']
      bb4386c2 shapes=[(2, 8, 64, 32)]
      ae5c8170 shapes=[(2, 8, 16, 64)]
      afcfa7fe shapes=[(2, 8, 64, 64)]
      8b28416e shapes=[(1, 1, 64, 64)]
      98fcbc18 shapes=[(2, 8, 64, 32)]
  [domain           ] flash_attention              n=  1 failed=['kernel_executed']
      e45ff3fb shapes=[(256, 64)]
  [REFERENCE-SUSPECT] flash_attention              n=  3 failed=['attention_weights_sum_to_one'] invariants=['attention_weights_sum_to_one']
      acba779f shapes=[(130, 64)]
      87b18b58 shapes=[(130, 64)]
      9de28dc0 shapes=[(130, 64)]
  [domain           ] gelu                         n=  4 failed=[]
      231b0d11 shapes=[(128, 256)]
      7d199b2f shapes=[(128, 256)]
      f16e4827 shapes=[(128, 256)]
      c3637849 shapes=[(512, 512)]
  [REFERENCE-SUSPECT] instancenorm                 n= 12 failed=['unit_variance'] invariants=['unit_variance']
      65948e8d shapes=[(8, 16, 32), (16,)]
      e678721f shapes=[(4, 8, 16, 16), (8,)]
      66a284c1 shapes=[(4, 8, 16), (8,)]
      646a25ef shapes=[(4, 8, 16), (8,)]
      4dcf4ad3 shapes=[(4, 8, 16, 16), (8,)]
  [REFERENCE-SUSPECT] instancenorm                 n=  2 failed=['unit_variance', 'positive_scale_invariance'] invariants=['unit_variance', 'positive_scale_invariance']
      7bfc0f13 shapes=[(4, 8, 16, 16), (8,)]
      075400e4 shapes=[(8, 16, 64), (16,)]
  [REFERENCE-SUSPECT] instancenorm                 n=  1 failed=['zero_mean', 'unit_variance', 'positive_scale_invariance'] invariants=['zero_mean', 'unit_variance', 'positive_scale_invariance']
      bfd36998 shapes=[(4, 8, 16, 16), (8,)]
  [REFERENCE-SUSPECT] layernorm                    n=  1 failed=['affine_correctness', 'precision_coercion'] invariants=['affine_correctness', 'precision_coercion']
      35205e68 shapes=[(512,), (512, 512)]
  [REFERENCE-SUSPECT] layernorm                    n=  2 failed=['precision_coercion'] invariants=['precision_coercion']
      a7e94cf9 shapes=[(512,), (512, 512)]
      d8eb4716 shapes=[(512,), (512, 512)]
  [REFERENCE-SUSPECT] layernorm                    n=  2 failed=['unit_variance'] invariants=['unit_variance']
      16c0b6eb shapes=[(512,), (512, 512)]
      a47a431b shapes=[(64,), (64, 64)]
  [REFERENCE-SUSPECT] layernorm                    n=  1 failed=['unit_variance', 'affine_correctness', 'precision_coercion'] invariants=['unit_variance', 'affine_correctness', 'precision_coercion']
      f322abe4 shapes=[(333,), (512, 333)]
  [REFERENCE-SUSPECT] layernorm                    n=  1 failed=['unit_variance', 'precision_coercion'] invariants=['unit_variance', 'precision_coercion']
      f2fac9f6 shapes=[(512,), (512, 512)]
  [REFERENCE-SUSPECT] layernorm                    n=  2 failed=['unit_variance', 'scale_invariance', 'precision_coercion'] invariants=['unit_variance', 'scale_invariance', 'precision_coercion']
      3b2a37a6 shapes=[(256, 512), (512,)]
      a7867d2c shapes=[(256, 512), (512,)]
  [REFERENCE-SUSPECT] layernorm                    n=  2 failed=['zero_mean', 'unit_variance', 'scale_invariance'] invariants=['zero_mean', 'unit_variance', 'scale_invariance']
      2d7f4f3e shapes=[(512,), (512, 512)]
      15b63912 shapes=[(512,), (512, 512)]
  [REFERENCE-SUSPECT] matmul                       n=  2 failed=['scalar_associativity'] invariants=['scalar_associativity']
      50fb4e31 shapes=[(64, 256), (256, 32)]
      eab75b02 shapes=[(65, 65)]
  [REFERENCE-SUSPECT] rmsnorm                      n=  1 failed=['precision_coercion'] invariants=['precision_coercion']
      dc510d61 shapes=[(512,), (512, 512)]
  [REFERENCE-SUSPECT] rmsnorm                      n=  1 failed=['unit_rms', 'scale_invariance', 'precision_coercion'] invariants=['unit_rms', 'scale_invariance', 'precision_coercion']
      0eb28274 shapes=[(512,), (512, 512)]
  [REFERENCE-SUSPECT] softmax                      n=  1 failed=['kernel_executed', 'tile_coverage_softmax_positivity'] invariants=['tile_coverage_softmax_positivity']
      e251c3aa shapes=[(512, 2048)]
  [REFERENCE-SUSPECT] softmax                      n= 11 failed=['tile_coverage_softmax_positivity'] invariants=['tile_coverage_softmax_positivity']
      97dbd9ca shapes=[(512, 2048)]
      3df2820c shapes=[(512, 2048)]
      78885b66 shapes=[(512, 2048)]
      1ec72a24 shapes=[(512, 333)]
      54ba508c shapes=[(512, 2048)]

45 REFERENCE-SUSPECT verdict(s): the reference kernel violated its own operator invariant on an executed input. Investigate the reference before trusting these runs' 'invalid input' bookkeeping.
