avg_pool1d                   e02i0 cv_meas=0.183 cv_struct=0.172 meas20=0.8787 direct20=0.9830
avg_pool1d                   e02i1 cv_meas=0.152 cv_struct=0.172 meas20=1.0493 direct20=0.9830
avg_pool1d                   e02i2 cv_meas=0.140 cv_struct=0.172 meas20=1.0320 direct20=0.9830
avg_pool1d                   e02i3 cv_meas=0.213 cv_struct=0.172 meas20=1.0124 direct20=0.9830
avg_pool1d                   e02i4 cv_meas=0.161 cv_struct=0.172 meas20=0.9239 direct20=0.9830
avg_pool1d                   e02i5 cv_meas=0.166 cv_struct=0.172 meas20=0.8721 direct20=0.9830
avg_pool2d                   e03i0 cv_meas=0.125 cv_struct=0.147 meas20=1.1034 direct20=0.9857
avg_pool2d                   e03i1 cv_meas=0.118 cv_struct=0.147 meas20=0.9824 direct20=0.9857
avg_pool2d                   e03i2 cv_meas=0.127 cv_struct=0.147 meas20=0.9873 direct20=0.9857
avg_pool2d                   e03i3 cv_meas=0.129 cv_struct=0.147 meas20=0.9790 direct20=0.9857
avg_pool2d                   e03i4 cv_meas=0.136 cv_struct=0.147 meas20=1.0030 direct20=0.9857
avg_pool2d                   e03i5 cv_meas=0.138 cv_struct=0.147 meas20=1.0000 direct20=0.9857
avg_pool3d                   e04i0 cv_meas=0.108 cv_struct=0.113 meas20=1.0000 direct20=0.9885
avg_pool3d                   e04i1 cv_meas=0.112 cv_struct=0.113 meas20=0.9750 direct20=0.9885
avg_pool3d                   e04i2 cv_meas=0.099 cv_struct=0.113 meas20=0.9401 direct20=0.9885
avg_pool3d                   e04i3 cv_meas=0.103 cv_struct=0.113 meas20=0.9946 direct20=0.9885
avg_pool3d                   e04i4 cv_meas=0.112 cv_struct=0.113 meas20=0.9399 direct20=0.9885
avg_pool3d                   e04i5 cv_meas=0.127 cv_struct=0.113 meas20=1.0639 direct20=0.9885
batchnorm                    e05i0 cv_meas=0.188 cv_struct=0.161 meas20=1.0002 direct20=0.9841
batchnorm                    e05i1 cv_meas=0.174 cv_struct=0.191 meas20=0.9567 direct20=0.9805
batchnorm                    e05i2 cv_meas=0.188 cv_struct=0.186 meas20=1.0213 direct20=0.9812
batchnorm                    e05i3 cv_meas=0.198 cv_struct=0.191 meas20=1.0081 direct20=0.9819
batchnorm                    e05i4 cv_meas=0.180 cv_struct=0.155 meas20=1.0233 direct20=0.9844
batchnorm                    e05i5 cv_meas=0.189 cv_struct=0.188 meas20=1.0161 direct20=0.9821
causal_flash_attention       e06i0 cv_meas=0.257 cv_struct=0.215 meas20=1.0000 direct20=0.9785
causal_flash_attention       e06i1 cv_meas=0.284 cv_struct=0.229 meas20=0.8330 direct20=0.9758
causal_flash_attention       e06i2 cv_meas=0.227 cv_struct=0.193 meas20=1.0000 direct20=0.9817
causal_flash_attention       e06i3 cv_meas=0.220 cv_struct=0.168 meas20=1.0268 direct20=0.9816
causal_flash_attention       e06i4 cv_meas=0.254 cv_struct=0.202 meas20=0.8580 direct20=0.9805
causal_flash_attention       e06i5 cv_meas=0.254 cv_struct=0.197 meas20=1.0641 direct20=0.9806
cross_entropy                e07i0 cv_meas=0.673 cv_struct=0.755 meas20=1.0893 direct20=0.9535
cross_entropy                e07i1 cv_meas=0.732 cv_struct=0.755 meas20=0.6289 direct20=0.9578
cross_entropy                e07i2 cv_meas=0.711 cv_struct=0.754 meas20=0.9516 direct20=0.9554
cross_entropy                e07i3 cv_meas=0.862 cv_struct=0.755 meas20=0.8875 direct20=0.9572
cross_entropy                e07i4 cv_meas=0.732 cv_struct=0.757 meas20=1.0000 direct20=0.9618
cross_entropy                e07i5 cv_meas=0.736 cv_struct=0.756 meas20=1.0082 direct20=0.9556
flash_attention              e08i0 cv_meas=0.187 cv_struct=0.178 meas20=0.8909 direct20=0.9798
flash_attention              e08i1 cv_meas=0.190 cv_struct=0.169 meas20=1.0002 direct20=0.9815
flash_attention              e08i2 cv_meas=0.191 cv_struct=0.188 meas20=0.9225 direct20=0.9807
flash_attention              e08i3 cv_meas=0.212 cv_struct=0.233 meas20=1.0179 direct20=0.9762
flash_attention              e08i4 cv_meas=0.253 cv_struct=0.188 meas20=1.0376 direct20=0.9802
flash_attention              e08i5 cv_meas=0.211 cv_struct=0.212 meas20=0.9573 direct20=0.9762
flash_attention              e09i0 cv_meas=0.252 cv_struct=0.262 meas20=0.8363 direct20=0.9751
flash_attention              e09i1 cv_meas=0.231 cv_struct=0.190 meas20=1.0047 direct20=0.9813
flash_attention              e09i2 cv_meas=0.237 cv_struct=0.177 meas20=0.8731 direct20=0.9811
flash_attention              e09i3 cv_meas=0.187 cv_struct=0.202 meas20=1.0016 direct20=0.9808
flash_attention              e09i4 cv_meas=0.182 cv_struct=0.188 meas20=1.0021 direct20=0.9790
flash_attention              e09i5 cv_meas=0.255 cv_struct=0.246 meas20=1.2319 direct20=0.9716
flash_attention              e10i0 cv_meas=0.208 cv_struct=0.186 meas20=1.0431 direct20=0.9803
flash_attention              e10i1 cv_meas=0.202 cv_struct=0.189 meas20=0.9494 direct20=0.9798
flash_attention              e10i2 cv_meas=0.199 cv_struct=0.178 meas20=1.0000 direct20=0.9816
flash_attention              e10i3 cv_meas=0.230 cv_struct=0.184 meas20=0.8536 direct20=0.9845
flash_attention              e10i4 cv_meas=0.167 cv_struct=0.167 meas20=0.9467 direct20=0.9837
flash_attention              e10i5 cv_meas=0.390 cv_struct=0.285 meas20=0.9417 direct20=0.9714
flash_attention              e11i0 cv_meas=0.237 cv_struct=0.211 meas20=0.9117 direct20=0.9781
flash_attention              e11i1 cv_meas=0.198 cv_struct=0.207 meas20=0.9419 direct20=0.9790
flash_attention              e11i2 cv_meas=0.278 cv_struct=0.211 meas20=0.8193 direct20=0.9756
flash_attention              e11i3 cv_meas=0.289 cv_struct=0.191 meas20=1.0053 direct20=0.9820
flash_attention              e11i4 cv_meas=0.262 cv_struct=0.193 meas20=1.0641 direct20=0.9818
flash_attention              e11i5 cv_meas=0.230 cv_struct=0.200 meas20=1.0026 direct20=0.9783
frobenius_norm               e12i0 cv_meas=0.077 cv_struct=0.074 meas20=1.0296 direct20=0.9920
frobenius_norm               e12i1 cv_meas=0.071 cv_struct=0.075 meas20=0.9861 direct20=0.9920
frobenius_norm               e12i2 cv_meas=0.091 cv_struct=0.075 meas20=1.0101 direct20=0.9908
frobenius_norm               e12i3 cv_meas=0.056 cv_struct=0.075 meas20=1.0228 direct20=0.9911
frobenius_norm               e12i4 cv_meas=0.063 cv_struct=0.074 meas20=0.9981 direct20=0.9921
frobenius_norm               e12i5 cv_meas=0.072 cv_struct=0.075 meas20=1.0436 direct20=0.9916
gelu                         e13i0 cv_meas=0.100 cv_struct=0.089 meas20=0.9484 direct20=0.9900
gelu                         e13i1 cv_meas=0.094 cv_struct=0.089 meas20=0.9689 direct20=0.9907
gelu                         e13i2 cv_meas=0.081 cv_struct=0.090 meas20=0.9095 direct20=0.9889
gelu                         e13i3 cv_meas=0.089 cv_struct=0.089 meas20=1.0114 direct20=0.9905
gelu                         e13i4 cv_meas=0.090 cv_struct=0.089 meas20=0.9471 direct20=0.9897
gelu                         e13i5 cv_meas=0.093 cv_struct=0.089 meas20=0.9379 direct20=0.9905
groupnorm                    e14i0 cv_meas=0.170 cv_struct=0.167 meas20=0.8434 direct20=0.9821
groupnorm                    e14i1 cv_meas=0.185 cv_struct=0.168 meas20=1.0608 direct20=0.9825
groupnorm                    e14i2 cv_meas=0.200 cv_struct=0.158 meas20=1.0004 direct20=0.9844
groupnorm                    e14i3 cv_meas=0.145 cv_struct=0.163 meas20=1.0000 direct20=0.9832
groupnorm                    e14i4 cv_meas=0.158 cv_struct=0.176 meas20=1.0185 direct20=0.9829
groupnorm                    e14i5 cv_meas=0.177 cv_struct=0.166 meas20=1.0059 direct20=0.9845
instancenorm                 e15i0 cv_meas=0.210 cv_struct=0.200 meas20=0.9806 direct20=0.9821
instancenorm                 e15i1 cv_meas=0.169 cv_struct=0.165 meas20=0.9910 direct20=0.9842
instancenorm                 e15i2 cv_meas=0.209 cv_struct=0.215 meas20=0.9337 direct20=0.9798
instancenorm                 e15i3 cv_meas=0.173 cv_struct=0.192 meas20=1.0622 direct20=0.9819
instancenorm                 e15i4 cv_meas=0.180 cv_struct=0.225 meas20=1.0044 direct20=0.9788
instancenorm                 e15i5 cv_meas=0.147 cv_struct=0.193 meas20=1.0399 direct20=0.9820
l1norm                       e16i0 cv_meas=0.090 cv_struct=0.079 meas20=0.9970 direct20=0.9908
l1norm                       e16i1 cv_meas=0.073 cv_struct=0.081 meas20=0.9549 direct20=0.9905
l1norm                       e16i2 cv_meas=0.087 cv_struct=0.079 meas20=0.9791 direct20=0.9909
l1norm                       e16i3 cv_meas=0.079 cv_struct=0.078 meas20=1.0159 direct20=0.9916
l1norm                       e16i4 cv_meas=0.093 cv_struct=0.081 meas20=0.9997 direct20=0.9917
l1norm                       e16i5 cv_meas=0.068 cv_struct=0.079 meas20=1.0322 direct20=0.9917
l2norm                       e17i0 cv_meas=0.075 cv_struct=0.080 meas20=0.9811 direct20=0.9906
l2norm                       e17i1 cv_meas=0.080 cv_struct=0.078 meas20=0.9588 direct20=0.9912
l2norm                       e17i2 cv_meas=0.069 cv_struct=0.079 meas20=0.9927 direct20=0.9916
l2norm                       e17i3 cv_meas=0.069 cv_struct=0.079 meas20=0.9853 direct20=0.9910
l2norm                       e17i4 cv_meas=0.073 cv_struct=0.078 meas20=1.0070 direct20=0.9916
l2norm                       e17i5 cv_meas=0.103 cv_struct=0.080 meas20=0.9673 direct20=0.9911
layernorm                    e18i0 cv_meas=0.131 cv_struct=0.122 meas20=1.0527 direct20=0.9871
layernorm                    e18i1 cv_meas=0.128 cv_struct=0.118 meas20=1.0623 direct20=0.9880
layernorm                    e18i2 cv_meas=0.139 cv_struct=0.146 meas20=0.9296 direct20=0.9853
layernorm                    e18i3 cv_meas=0.133 cv_struct=0.124 meas20=1.0008 direct20=0.9873
layernorm                    e18i4 cv_meas=0.126 cv_struct=0.133 meas20=0.9562 direct20=0.9862
layernorm                    e18i5 cv_meas=0.147 cv_struct=0.124 meas20=0.9344 direct20=0.9876
layernorm                    e19i0 cv_meas=0.139 cv_struct=0.139 meas20=1.0506 direct20=0.9857
layernorm                    e19i1 cv_meas=0.137 cv_struct=0.128 meas20=1.0000 direct20=0.9887
layernorm                    e19i2 cv_meas=0.142 cv_struct=0.135 meas20=1.0269 direct20=0.9857
layernorm                    e19i3 cv_meas=0.124 cv_struct=0.123 meas20=1.0023 direct20=0.9865
layernorm                    e19i4 cv_meas=0.113 cv_struct=0.117 meas20=1.0371 direct20=0.9877
layernorm                    e19i5 cv_meas=0.109 cv_struct=0.113 meas20=0.9384 direct20=0.9877
layernorm                    e20i0 cv_meas=0.112 cv_struct=0.123 meas20=1.0000 direct20=0.9876
layernorm                    e20i1 cv_meas=0.122 cv_struct=0.125 meas20=1.0058 direct20=0.9859
layernorm                    e20i2 cv_meas=0.122 cv_struct=0.126 meas20=0.9166 direct20=0.9870
layernorm                    e20i3 cv_meas=0.136 cv_struct=0.150 meas20=0.9260 direct20=0.9860
layernorm                    e20i4 cv_meas=0.116 cv_struct=0.123 meas20=0.9879 direct20=0.9864
layernorm                    e20i5 cv_meas=0.137 cv_struct=0.126 meas20=0.9554 direct20=0.9863
log_softmax                  e21i0 cv_meas=0.061 cv_struct=0.075 meas20=1.0221 direct20=0.9910
log_softmax                  e21i1 cv_meas=0.085 cv_struct=0.075 meas20=0.9923 direct20=0.9908
log_softmax                  e21i2 cv_meas=0.093 cv_struct=0.075 meas20=0.9973 direct20=0.9918
log_softmax                  e21i3 cv_meas=0.072 cv_struct=0.075 meas20=1.0136 direct20=0.9917
log_softmax                  e21i4 cv_meas=0.072 cv_struct=0.075 meas20=0.9926 direct20=0.9916
log_softmax                  e21i5 cv_meas=0.061 cv_struct=0.075 meas20=0.9918 direct20=0.9916
matmul                       e22i0 cv_meas=0.150 cv_struct=0.125 meas20=1.0059 direct20=0.9874
matmul                       e22i1 cv_meas=0.122 cv_struct=0.120 meas20=0.9849 direct20=0.9889
matmul                       e22i2 cv_meas=0.143 cv_struct=0.118 meas20=1.0832 direct20=0.9875
matmul                       e22i3 cv_meas=0.091 cv_struct=0.111 meas20=0.9964 direct20=0.9866
matmul                       e22i4 cv_meas=0.117 cv_struct=0.118 meas20=0.9496 direct20=0.9880
matmul                       e22i5 cv_meas=0.107 cv_struct=0.122 meas20=1.0000 direct20=0.9867
matmul                       e23i0 cv_meas=0.097 cv_struct=0.116 meas20=0.9599 direct20=0.9879
matmul                       e23i1 cv_meas=0.113 cv_struct=0.118 meas20=0.9654 direct20=0.9877
matmul                       e23i2 cv_meas=0.104 cv_struct=0.122 meas20=1.0533 direct20=0.9870
matmul                       e23i3 cv_meas=0.120 cv_struct=0.115 meas20=1.0009 direct20=0.9883
matmul                       e23i4 cv_meas=0.123 cv_struct=0.113 meas20=0.9681 direct20=0.9879
matmul                       e23i5 cv_meas=0.104 cv_struct=0.120 meas20=0.9800 direct20=0.9869
matmul                       e24i0 cv_meas=0.159 cv_struct=0.136 meas20=1.0053 direct20=0.9859
matmul                       e24i1 cv_meas=0.154 cv_struct=0.132 meas20=0.9767 direct20=0.9853
matmul                       e24i2 cv_meas=0.106 cv_struct=0.119 meas20=0.9619 direct20=0.9877
matmul                       e24i3 cv_meas=0.105 cv_struct=0.116 meas20=1.0022 direct20=0.9874
matmul                       e24i4 cv_meas=0.112 cv_struct=0.119 meas20=1.0578 direct20=0.9873
matmul                       e24i5 cv_meas=0.101 cv_struct=0.118 meas20=1.0366 direct20=0.9873
matmul                       e25i0 cv_meas=0.113 cv_struct=0.117 meas20=0.9541 direct20=0.9888
matmul                       e25i1 cv_meas=0.150 cv_struct=0.124 meas20=0.8680 direct20=0.9857
matmul                       e25i2 cv_meas=0.125 cv_struct=0.116 meas20=0.9565 direct20=0.9882
matmul                       e25i3 cv_meas=0.131 cv_struct=0.112 meas20=1.0777 direct20=0.9884
matmul                       e25i4 cv_meas=0.151 cv_struct=0.125 meas20=1.0004 direct20=0.9878
matmul                       e25i5 cv_meas=0.087 cv_struct=0.122 meas20=0.9866 direct20=0.9868
max_pool1d                   e26i0 cv_meas=0.186 cv_struct=0.172 meas20=0.9699 direct20=0.9841
max_pool1d                   e26i1 cv_meas=0.183 cv_struct=0.172 meas20=0.7900 direct20=0.9841
max_pool1d                   e26i2 cv_meas=0.175 cv_struct=0.172 meas20=1.0133 direct20=0.9841
max_pool1d                   e26i3 cv_meas=0.176 cv_struct=0.172 meas20=0.9704 direct20=0.9841
max_pool1d                   e26i4 cv_meas=0.184 cv_struct=0.172 meas20=1.0735 direct20=0.9841
max_pool1d                   e26i5 cv_meas=0.186 cv_struct=0.172 meas20=1.0251 direct20=0.9841
max_pool2d                   e27i0 cv_meas=0.121 cv_struct=0.147 meas20=1.0150 direct20=0.9857
max_pool2d                   e27i1 cv_meas=0.131 cv_struct=0.147 meas20=1.0003 direct20=0.9857
max_pool2d                   e27i2 cv_meas=0.157 cv_struct=0.147 meas20=1.0000 direct20=0.9857
max_pool2d                   e27i3 cv_meas=0.142 cv_struct=0.147 meas20=1.0105 direct20=0.9857
max_pool2d                   e27i4 cv_meas=0.177 cv_struct=0.147 meas20=1.0026 direct20=0.9857
max_pool2d                   e27i5 cv_meas=0.146 cv_struct=0.147 meas20=0.9942 direct20=0.9857
max_pool3d                   e28i0 cv_meas=0.101 cv_struct=0.113 meas20=0.9832 direct20=0.9880
max_pool3d                   e28i1 cv_meas=0.094 cv_struct=0.113 meas20=1.0000 direct20=0.9880
max_pool3d                   e28i2 cv_meas=0.107 cv_struct=0.113 meas20=1.0085 direct20=0.9880
max_pool3d                   e28i3 cv_meas=0.100 cv_struct=0.113 meas20=0.9635 direct20=0.9880
max_pool3d                   e28i4 cv_meas=0.097 cv_struct=0.113 meas20=1.0075 direct20=0.9880
max_pool3d                   e28i5 cv_meas=0.109 cv_struct=0.113 meas20=1.0000 direct20=0.9880
max_reduction                e29i0 cv_meas=0.139 cv_struct=0.161 meas20=1.0034 direct20=0.9852
max_reduction                e29i1 cv_meas=0.146 cv_struct=0.161 meas20=1.0003 direct20=0.9852
max_reduction                e29i2 cv_meas=0.149 cv_struct=0.161 meas20=0.9390 direct20=0.9852
max_reduction                e29i3 cv_meas=0.123 cv_struct=0.161 meas20=0.9623 direct20=0.9852
max_reduction                e29i4 cv_meas=0.129 cv_struct=0.161 meas20=1.1072 direct20=0.9852
max_reduction                e29i5 cv_meas=0.199 cv_struct=0.161 meas20=1.0000 direct20=0.9852
mean_reduction               e30i0 cv_meas=0.148 cv_struct=0.161 meas20=1.0077 direct20=0.9842
mean_reduction               e30i1 cv_meas=0.148 cv_struct=0.161 meas20=0.9630 direct20=0.9842
mean_reduction               e30i2 cv_meas=0.145 cv_struct=0.161 meas20=0.9929 direct20=0.9842
mean_reduction               e30i3 cv_meas=0.143 cv_struct=0.161 meas20=1.0000 direct20=0.9842
mean_reduction               e30i4 cv_meas=0.182 cv_struct=0.161 meas20=0.9367 direct20=0.9842
mean_reduction               e30i5 cv_meas=0.150 cv_struct=0.161 meas20=0.9976 direct20=0.9842
min_reduction                e31i0 cv_meas=0.148 cv_struct=0.161 meas20=0.9363 direct20=0.9843
min_reduction                e31i1 cv_meas=0.164 cv_struct=0.161 meas20=0.9389 direct20=0.9843
min_reduction                e31i2 cv_meas=0.153 cv_struct=0.161 meas20=1.0396 direct20=0.9843
min_reduction                e31i3 cv_meas=0.157 cv_struct=0.161 meas20=1.0120 direct20=0.9843
min_reduction                e31i4 cv_meas=0.198 cv_struct=0.161 meas20=0.9136 direct20=0.9843
min_reduction                e31i5 cv_meas=0.109 cv_struct=0.161 meas20=1.0225 direct20=0.9843
rmsnorm                      e32i0 cv_meas=0.110 cv_struct=0.122 meas20=1.0192 direct20=0.9890
rmsnorm                      e32i1 cv_meas=0.121 cv_struct=0.122 meas20=1.0043 direct20=0.9877
rmsnorm                      e32i2 cv_meas=0.147 cv_struct=0.124 meas20=0.9244 direct20=0.9867
rmsnorm                      e32i3 cv_meas=0.118 cv_struct=0.127 meas20=0.9683 direct20=0.9870
rmsnorm                      e32i4 cv_meas=0.087 cv_struct=0.111 meas20=0.9064 direct20=0.9873
rmsnorm                      e32i5 cv_meas=0.146 cv_struct=0.135 meas20=1.0046 direct20=0.9865
rmsnorm                      e33i0 cv_meas=0.131 cv_struct=0.141 meas20=0.9054 direct20=0.9861
rmsnorm                      e33i1 cv_meas=0.106 cv_struct=0.129 meas20=0.9780 direct20=0.9860
rmsnorm                      e33i2 cv_meas=0.116 cv_struct=0.131 meas20=0.9675 direct20=0.9848
rmsnorm                      e33i3 cv_meas=0.111 cv_struct=0.121 meas20=0.9931 direct20=0.9866
rmsnorm                      e33i4 cv_meas=0.118 cv_struct=0.114 meas20=0.9623 direct20=0.9889
rmsnorm                      e33i5 cv_meas=0.164 cv_struct=0.141 meas20=0.9386 direct20=0.9853
rmsnorm                      e34i0 cv_meas=0.124 cv_struct=0.126 meas20=1.0588 direct20=0.9867
rmsnorm                      e34i1 cv_meas=0.124 cv_struct=0.137 meas20=1.0046 direct20=0.9857
rmsnorm                      e34i2 cv_meas=0.103 cv_struct=0.126 meas20=1.0000 direct20=0.9863
rmsnorm                      e34i3 cv_meas=0.122 cv_struct=0.117 meas20=1.0091 direct20=0.9878
rmsnorm                      e34i4 cv_meas=0.112 cv_struct=0.107 meas20=0.9739 direct20=0.9885
rmsnorm                      e34i5 cv_meas=0.102 cv_struct=0.127 meas20=0.9772 direct20=0.9867
scaled_dot_product_attention e35i0 cv_meas=0.155 cv_struct=0.174 meas20=1.0006 direct20=0.9808
scaled_dot_product_attention e35i1 cv_meas=0.269 cv_struct=0.217 meas20=1.0397 direct20=0.9794
scaled_dot_product_attention e35i2 cv_meas=0.176 cv_struct=0.200 meas20=1.0031 direct20=0.9805
scaled_dot_product_attention e35i3 cv_meas=0.193 cv_struct=0.212 meas20=1.0132 direct20=0.9770
scaled_dot_product_attention e35i4 cv_meas=0.385 cv_struct=0.261 meas20=1.0071 direct20=0.9734
scaled_dot_product_attention e35i5 cv_meas=0.189 cv_struct=0.182 meas20=0.9760 direct20=0.9812
softmax                      e36i0 cv_meas=0.305 cv_struct=0.263 meas20=1.0000 direct20=0.9755
softmax                      e36i1 cv_meas=0.289 cv_struct=0.248 meas20=0.9966 direct20=0.9771
softmax                      e36i2 cv_meas=0.250 cv_struct=0.223 meas20=1.1297 direct20=0.9813
softmax                      e36i3 cv_meas=0.246 cv_struct=0.220 meas20=0.8919 direct20=0.9790
softmax                      e36i4 cv_meas=0.209 cv_struct=0.260 meas20=0.9532 direct20=0.9744
softmax                      e36i5 cv_meas=0.395 cv_struct=0.360 meas20=0.8807 direct20=0.9705
softmax                      e37i0 cv_meas=0.274 cv_struct=0.322 meas20=1.0049 direct20=0.9685
softmax                      e37i1 cv_meas=0.331 cv_struct=0.342 meas20=0.9106 direct20=0.9671
softmax                      e37i2 cv_meas=0.244 cv_struct=0.258 meas20=1.0000 direct20=0.9757
softmax                      e37i3 cv_meas=0.201 cv_struct=0.235 meas20=1.0000 direct20=0.9779
softmax                      e37i4 cv_meas=0.176 cv_struct=0.232 meas20=1.1095 direct20=0.9777
softmax                      e37i5 cv_meas=0.282 cv_struct=0.297 meas20=1.0000 direct20=0.9710
sum_reduction                e38i0 cv_meas=0.159 cv_struct=0.161 meas20=0.9405 direct20=0.9847
sum_reduction                e38i1 cv_meas=0.145 cv_struct=0.161 meas20=0.9412 direct20=0.9847
sum_reduction                e38i2 cv_meas=0.165 cv_struct=0.161 meas20=1.0144 direct20=0.9847
sum_reduction                e38i3 cv_meas=0.173 cv_struct=0.161 meas20=1.0065 direct20=0.9847
sum_reduction                e38i4 cv_meas=0.190 cv_struct=0.161 meas20=1.0051 direct20=0.9847
sum_reduction                e38i5 cv_meas=0.200 cv_struct=0.161 meas20=1.0206 direct20=0.9847
swish                        e39i0 cv_meas=0.100 cv_struct=0.095 meas20=1.0042 direct20=0.9907
swish                        e39i1 cv_meas=0.096 cv_struct=0.095 meas20=0.9890 direct20=0.9900
swish                        e39i2 cv_meas=0.101 cv_struct=0.095 meas20=0.9526 direct20=0.9893
swish                        e39i3 cv_meas=0.094 cv_struct=0.095 meas20=0.9975 direct20=0.9893
swish                        e39i4 cv_meas=0.094 cv_struct=0.095 meas20=1.0291 direct20=0.9900
swish                        e39i5 cv_meas=0.094 cv_struct=0.095 meas20=1.0000 direct20=0.9899

alignment: 228/228 rows replayed bit-consistent

scan family: 24 invocations; cv_struct M3=0.075 Brownian=0.139, measured cv range 0.103-0.187
wrote data/b3_chain.json
