causal_flash_attention           64x32  s0 L 0.8128 y_pred 2.4576+-0.1698 m3/gram 1.061
causal_flash_attention           64x32  s1 L 1.4691 y_pred 2.1044+-0.2015 m3/gram 1.020
causal_flash_attention           64x32  s2 L 0.9912 y_pred 2.3185+-0.1943 m3/gram 1.086
causal_flash_attention          128x64  s0 L 1.2870 y_pred 2.0959+-0.1903 m3/gram 1.063
causal_flash_attention          128x64  s1 L 0.9704 y_pred 2.3310+-0.1864 m3/gram 1.025
causal_flash_attention          128x64  s2 L 1.0358 y_pred 2.1582+-0.1752 m3/gram 1.121
causal_flash_attention          100x32  s0 L 1.0346 y_pred 2.2164+-0.2203 m3/gram 1.022
causal_flash_attention          100x32  s1 L 1.3343 y_pred 2.2322+-0.2089 m3/gram 1.020
causal_flash_attention          100x32  s2 L 1.3801 y_pred 2.0428+-0.2171 m3/gram 1.084
causal_flash_attention          256x16  s0 L 0.9614 y_pred 2.2630+-0.1825 m3/gram 1.012
causal_flash_attention          256x16  s1 L 1.2064 y_pred 2.2912+-0.1819 m3/gram 1.010
causal_flash_attention          256x16  s2 L 1.3183 y_pred 1.9480+-0.2256 m3/gram 1.026
flash_attention                  64x32  s0 L 0.5635 y_pred 2.3897+-0.1833 m3/gram 1.018
flash_attention                  64x32  s1 L 0.7322 y_pred 2.3138+-0.1904 m3/gram 1.007
flash_attention                  64x32  s2 L 0.7254 y_pred 2.0587+-0.2001 m3/gram 1.021
flash_attention                 128x64  s0 L 0.5719 y_pred 2.1912+-0.1872 m3/gram 1.099
flash_attention                 128x64  s1 L 0.6448 y_pred 2.0392+-0.1895 m3/gram 1.028
flash_attention                 128x64  s2 L 0.7284 y_pred 1.9762+-0.2253 m3/gram 1.152
flash_attention                 100x32  s0 L 0.4822 y_pred 2.3699+-0.1732 m3/gram 1.030
flash_attention                 100x32  s1 L 0.5253 y_pred 2.2780+-0.1879 m3/gram 1.009
flash_attention                 100x32  s2 L 0.4798 y_pred 2.3521+-0.1816 m3/gram 1.047
flash_attention                 256x16  s0 L 0.5298 y_pred 2.3107+-0.1998 m3/gram 1.079
flash_attention                 256x16  s1 L 0.3773 y_pred 2.3150+-0.2015 m3/gram 1.029
flash_attention                 256x16  s2 L 0.3005 y_pred 2.4225+-0.1685 m3/gram 1.034
scaled_dot_product_attention     64x32  s0 L 0.7158 y_pred 2.1509+-0.1815 m3/gram 1.030
scaled_dot_product_attention     64x32  s1 L 0.6099 y_pred 2.1257+-0.1907 m3/gram 0.996
scaled_dot_product_attention     64x32  s2 L 0.7377 y_pred 2.0910+-0.2076 m3/gram 1.035
scaled_dot_product_attention    128x64  s0 L 0.5184 y_pred 2.1640+-0.1765 m3/gram 1.037
scaled_dot_product_attention    128x64  s1 L 0.5481 y_pred 2.2634+-0.1930 m3/gram 1.029
scaled_dot_product_attention    128x64  s2 L 0.4188 y_pred 2.4109+-0.1897 m3/gram 1.056
scaled_dot_product_attention    100x32  s0 L 0.7397 y_pred 1.9708+-0.2076 m3/gram 1.003
scaled_dot_product_attention    100x32  s1 L 0.5100 y_pred 2.4677+-0.1779 m3/gram 1.056
scaled_dot_product_attention    100x32  s2 L 0.5566 y_pred 2.2679+-0.1916 m3/gram 1.019
scaled_dot_product_attention    256x16  s0 L 0.5832 y_pred 2.0784+-0.2167 m3/gram 1.007
scaled_dot_product_attention    256x16  s1 L 0.4594 y_pred 2.1813+-0.2133 m3/gram 1.089
scaled_dot_product_attention    256x16  s2 L 0.4838 y_pred 2.1999+-0.1825 m3/gram 1.050
banked 36 predictions
