== layernorm
   zero_mean                                inert / inert  OK    (crossing above bisection range)
   unit_variance                            pred=5.086e-04 truth=5.086e-04 ratio= 1.00 (draw spread x1.00) OK  
   scale_invariance                         inert / inert  OK   derived inert (comparator is scaled-vs-scaled or zero)
   affine_correctness                       pred=1.931e-05 truth=1.937e-05 ratio= 1.00 (draw spread x1.00) OK  
   precision_coercion                       pred=2.498e-04 truth=2.494e-04 ratio= 1.00 (draw spread x1.00) OK  
   cross_shape                              pred=1.216e-04 truth=1.217e-04 ratio= 1.00 (draw spread x1.01) OK  
   weight_magnitude                         pred=1.216e-03 truth=1.216e-03 ratio= 1.00 (draw spread x1.02) OK  
   perturbation_tolerance                   pred=3.401e-03 truth=3.357e-03 ratio= 1.01 (draw spread x1.24) OK  
   adversarial_skip_mean_subtract           inert / inert  OK    (above range)
   adversarial_zero_variance_rows           inert / inert  OK    (above range)
   adversarial_large_variance               pred=3.719e-03 truth=3.862e-03 ratio= 0.96 (draw spread x1.11) OK  
   adversarial_wrong_variance_trigger       pred=3.458e-03 truth=3.416e-03 ratio= 1.01 (draw spread x1.13) OK  
   adversarial_non_power_of_two             pred=3.502e-03 truth=3.574e-03 ratio= 0.98 (draw spread x1.16) OK  
   BINDING pred=affine_correctness truth=affine_correctness MATCH (tied set: ['affine_correctness'])
Traceback (most recent call last):
  File "/Users/jaydenvasquez/Library/CloudStorage/GoogleDrive-jaydenvasquez1711@gmail.com/My Drive/kernel-correctness-checker/verification_runs/binding_law_2026-08-28/probes/predict_bindings.py", line 515, in <module>
    main()
  File "/Users/jaydenvasquez/Library/CloudStorage/GoogleDrive-jaydenvasquez1711@gmail.com/My Drive/kernel-correctness-checker/verification_runs/binding_law_2026-08-28/probes/predict_bindings.py", line 446, in main
    p = predict_table(op)
        ^^^^^^^^^^^^^^^^^
  File "/Users/jaydenvasquez/Library/CloudStorage/GoogleDrive-jaydenvasquez1711@gmail.com/My Drive/kernel-correctness-checker/verification_runs/binding_law_2026-08-28/probes/predict_bindings.py", line 371, in predict_table
    p, M = pert_pred(s, adv)
           ^^^^^^^^^^^^^^^^^
  File "/Users/jaydenvasquez/Library/CloudStorage/GoogleDrive-jaydenvasquez1711@gmail.com/My Drive/kernel-correctness-checker/verification_runs/binding_law_2026-08-28/probes/predict_bindings.py", line 340, in pert_pred
    f = spec.run_reference(ref, (x,))
        ^^^^^^^^^^^^^^^^^^^^^^^^^^^^^
  File "/Users/jaydenvasquez/Library/CloudStorage/GoogleDrive-jaydenvasquez1711@gmail.com/My Drive/kernel-correctness-checker/verification/specs/base_spec.py", line 104, in run_reference
    return reference_fn(inputs)
           ^^^^^^^^^^^^^^^^^^^^
  File "/Users/jaydenvasquez/Library/CloudStorage/GoogleDrive-jaydenvasquez1711@gmail.com/My Drive/kernel-correctness-checker/verification_runs/binding_law_2026-08-28/probes/predict_bindings.py", line 86, in softmax_ref
    m = x.max(-1, keepdim=True).values
        ^^^^^
AttributeError: 'tuple' object has no attribute 'max'
