1. realized perturbation-check margins (10 seeds each):
   op/mutant                  target     min     med     max   CV% fail rate
   gelu/m050                    0.50   0.438   0.510   0.598   8.7      0/10
   gelu/m080                    0.80   0.701   0.816   0.956   8.7      0/10
   gelu/m100                    1.00   0.876   1.020   1.195   8.7      6/10
   gelu/m125                    1.25   1.096   1.275   1.494   8.7     10/10
   gelu/m200                    2.00   1.753   2.039   2.390   8.7     10/10
   l2norm/m050                  0.50   0.408   0.475   0.530   7.0      0/10
   l2norm/m080                  0.80   0.653   0.759   0.848   7.0      0/10
   l2norm/m100                  1.00   0.817   0.949   1.060   7.0      2/10
   l2norm/m125                  1.25   1.021   1.186   1.325   7.0     10/10
   l2norm/m200                  2.00   1.633   1.898   2.121   7.0     10/10
   layernorm/m050               0.50   0.420   0.491   0.553   7.1      0/10
   layernorm/m080               0.80   0.672   0.785   0.885   7.1      0/10
   layernorm/m100               1.00   0.840   0.981   1.106   7.1      4/10
   layernorm/m125               1.25   1.050   1.226   1.383   7.1     10/10
   layernorm/m200               2.00   1.680   1.962   2.213   7.1     10/10
   softmax/m050                 0.50   0.381   0.540   0.627  15.1      0/10
   softmax/m080                 0.80   0.609   0.864   1.004  15.1      1/10
   softmax/m100                 1.00   0.762   1.080   1.255  15.1      5/10
   softmax/m125                 1.25   0.952   1.350   1.569  15.1      8/10
   softmax/m200                 2.00   1.523   2.159   2.510  15.1     10/10
   sum_reduction/m050           0.50   0.338   0.494   0.708  24.6      0/10
   sum_reduction/m080           0.80   0.541   0.790   1.132  24.6      2/10
   sum_reduction/m100           1.00   0.677   0.987   1.415  24.6      4/10
   sum_reduction/m125           1.25   0.846   1.234   1.769  24.6      7/10
   sum_reduction/m200           2.00   1.353   1.975   2.830  24.6     10/10

2. the response curve (pooled over ops):
   design margin 0.50x: caught 0/50 (0%)
   design margin 0.80x: caught 3/50 (6%)
   design margin 1.00x: caught 21/50 (42%)
   design margin 1.25x: caught 45/50 (90%)
   design margin 2.00x: caught 50/50 (100%)

3. full-battery verdicts (3 seeds each) -- which checks fire:
   gelu/m050                  caught 3/3  {'[L3]cross_shape': 3, '[L3]weight_magnitude': 3, '[L3]adversarial_near_global_min': 3}
   gelu/m080                  caught 3/3  {'[L3]cross_shape': 3, '[L3]weight_magnitude': 3, '[L3]adversarial_near_global_min': 3}
   gelu/m100                  caught 3/3  {'[L3]perturbation_tolerance': 2, '[L3]cross_shape': 3, '[L3]weight_magnitude': 3, '[L3]adversarial_large_magnitude': 3, '[L3]adversarial_near_global_min': 3}
   gelu/m125                  caught 3/3  {'[L3]perturbation_tolerance': 3, '[L3]cross_shape': 3, '[L3]weight_magnitude': 3, '[L3]adversarial_large_magnitude': 3, '[L3]adversarial_near_global_min': 3}
   gelu/m200                  caught 3/3  {'[L3]perturbation_tolerance': 3, '[L3]cross_shape': 3, '[L3]weight_magnitude': 3, '[L3]adversarial_large_magnitude': 3, '[L3]adversarial_near_global_min': 3}
   l2norm/m050                caught 3/3  {'[L2]unit_l2_norm': 3}
   l2norm/m080                caught 3/3  {'[L2]unit_l2_norm': 3}
   l2norm/m100                caught 3/3  {'[L2]unit_l2_norm': 3}
   l2norm/m125                caught 3/3  {'[L2]unit_l2_norm': 3}
   l2norm/m200                caught 3/3  {'[L2]unit_l2_norm': 3}
   layernorm/m050             caught 3/3  {'[L2]unit_variance': 3, '[L2]affine_correctness': 3, '[L2]precision_coercion': 3}
   layernorm/m080             caught 3/3  {'[L2]unit_variance': 3, '[L2]affine_correctness': 3, '[L2]precision_coercion': 3}
   layernorm/m100             caught 3/3  {'[L2]unit_variance': 3, '[L2]affine_correctness': 3, '[L2]precision_coercion': 3}
   layernorm/m125             caught 3/3  {'[L2]unit_variance': 3, '[L2]affine_correctness': 3, '[L2]precision_coercion': 3}
   layernorm/m200             caught 3/3  {'[L2]unit_variance': 3, '[L2]affine_correctness': 3, '[L2]precision_coercion': 3}
   softmax/m050               caught 3/3  {'[L2]rows_sum_to_one': 3}
   softmax/m080               caught 3/3  {'[L2]rows_sum_to_one': 3, '[L2]precision_coercion': 1}
   softmax/m100               caught 3/3  {'[L2]rows_sum_to_one': 3, '[L2]precision_coercion': 1}
   softmax/m125               caught 3/3  {'[L2]rows_sum_to_one': 3, '[L2]precision_coercion': 3}
   softmax/m200               caught 3/3  {'[L2]rows_sum_to_one': 3, '[L2]precision_coercion': 3}
   sum_reduction/m050         caught 3/3  {'[L3]cross_shape': 3, '[L3]weight_magnitude': 3}
   sum_reduction/m080         caught 3/3  {'[L3]cross_shape': 3, '[L3]weight_magnitude': 3}
   sum_reduction/m100         caught 3/3  {'[L3]perturbation_tolerance': 1, '[L3]cross_shape': 3, '[L3]weight_magnitude': 3, '[L3]adversarial_second_half_dominant': 1}
   sum_reduction/m125         caught 3/3  {'[L3]perturbation_tolerance': 3, '[L3]cross_shape': 3, '[L3]weight_magnitude': 3, '[L3]adversarial_second_half_dominant': 2, '[L3]adversarial_large_magnitude': 3}
   sum_reduction/m200         caught 3/3  {'[L3]perturbation_tolerance': 3, '[L3]cross_shape': 3, '[L3]weight_magnitude': 3, '[L3]adversarial_second_half_dominant': 3, '[L3]adversarial_large_magnitude': 3}

4. enabled experiment: scale-multiplier identifiability
   (verdict flip scale s* = margin * 3.0 per record; the corpus's
   dead interval was (1.642, 4.360) -- adaptive_tol_theory round)
   250 near-miss records; flip scales span [1.01, 8.49]; 152 of them sit INSIDE the old dead interval
   flip-scale quantiles P10-P90: [1.48, 2.18, 2.95, 4.02, 5.91]
   -> with these records, moving scale anywhere inside (1.64, 4.36) now changes verdicts; the multiplier is identifiable.
