[A_lnfix] argmax/tiebreak caught=True 18.9ms
[A_lnfix] argmin/tiebreak caught=True 25.5ms
[A_lnfix] avg_pool1d/wrong_divisor caught=True 24.2ms
[A_lnfix] avg_pool2d/wrong_divisor caught=True 21.8ms
[A_lnfix] avg_pool3d/wrong_divisor caught=True 21.4ms
[A_lnfix] batchnorm/wrong_running_stats_broadcast caught=True 21.2ms
[A_lnfix] causal_flash_attention/wrong_causal_mask caught=True 1.6ms
[A_lnfix] cross_entropy/missing_max_subtraction caught=True 24.1ms
[A_lnfix] flash_attention/approx_denom caught=True 49.0ms
[A_lnfix] flash_attention/drop_last_tile caught=True 66.3ms
[A_lnfix] flash_attention/skip_rescaling caught=True 63.5ms
[A_lnfix] flash_attention/wrong_mask caught=True 1.5ms
[A_lnfix] frobenius_norm/wrong_norm caught=True 8.7ms
[A_lnfix] gelu/sigmoid_approx caught=True 22.3ms
[A_lnfix] groupnorm/ignore_affine caught=True 51.5ms
[A_lnfix] instancenorm/skip_eps caught=True 23.3ms
[A_lnfix] l1norm/partial_reduction caught=True 8.5ms
[A_lnfix] l2norm/wrong_norm caught=True 8.1ms
[A_lnfix] layernorm/ignore_gamma_beta caught=True 11.2ms
[A_lnfix] layernorm/skip_mean_subtract caught=True 10.1ms
[A_lnfix] layernorm/wrong_variance_estimate caught=True 45.9ms
[A_lnfix] log_softmax/skip_max_subtraction caught=True 22.5ms
[A_lnfix] matmul/partial_k_reduct caught=True 50.2ms
[A_lnfix] matmul/skip_boundary_tiles caught=True 71.5ms
[A_lnfix] matmul/swapped_strides caught=True 21.0ms
[A_lnfix] matmul/wrong_dtype caught=True 10.4ms
[A_lnfix] max_pool1d/wrong_padding caught=True 20.1ms
[A_lnfix] max_pool2d/wrong_padding caught=True 26.3ms
[A_lnfix] max_pool3d/wrong_padding caught=True 20.9ms
[A_lnfix] max_reduction/wrong_padding caught=True 24.8ms
[A_lnfix] mean_reduction/partial_reduction caught=True 7.9ms
[A_lnfix] min_reduction/wrong_padding caught=True 23.6ms
[A_lnfix] rmsnorm/ignore_gamma caught=True 9.7ms
[A_lnfix] rmsnorm/partial_reduction caught=True 9.4ms
[A_lnfix] rmsnorm/wrong_norm caught=True 9.5ms
[A_lnfix] scaled_dot_product_attention/wrong_mask caught=True 1.7ms
[A_lnfix] softmax/first_tile caught=True 7.8ms
[A_lnfix] softmax/wrong_reduction caught=True 9.9ms
[A_lnfix] sum_reduction/partial_reduction caught=True 8.8ms
[A_lnfix] swish/linear_sigmoid_approx caught=True 22.0ms
[A_lnfix] SUMMARY catch 40/40 fp 0/200
