[G_lnfix] argmax/tiebreak caught=True 19.0ms
[G_lnfix] argmin/tiebreak caught=True 19.0ms
[G_lnfix] avg_pool1d/wrong_divisor caught=True 60.3ms
[G_lnfix] avg_pool2d/wrong_divisor caught=True 49.1ms
[G_lnfix] avg_pool3d/wrong_divisor caught=True 61.0ms
[G_lnfix] batchnorm/wrong_running_stats_broadcast caught=True 107.3ms
[G_lnfix] causal_flash_attention/wrong_causal_mask caught=True 1.7ms
[G_lnfix] cross_entropy/missing_max_subtraction caught=True 46.0ms
[G_lnfix] flash_attention/approx_denom caught=True 29.5ms
[G_lnfix] flash_attention/drop_last_tile caught=True 208.6ms
[G_lnfix] flash_attention/skip_rescaling caught=True 224.2ms
[G_lnfix] flash_attention/wrong_mask caught=True 1.6ms
[G_lnfix] frobenius_norm/wrong_norm caught=True 10.3ms
[G_lnfix] gelu/sigmoid_approx caught=True 105.9ms
[G_lnfix] groupnorm/ignore_affine caught=True 96.8ms
[G_lnfix] instancenorm/skip_eps caught=True 86.9ms
[G_lnfix] l1norm/partial_reduction caught=True 14.2ms
[G_lnfix] l2norm/wrong_norm caught=True 9.0ms
[G_lnfix] layernorm/ignore_gamma_beta caught=True 13.9ms
[G_lnfix] layernorm/skip_mean_subtract caught=True 11.2ms
[G_lnfix] layernorm/wrong_variance_estimate caught=True 257.9ms
[G_lnfix] log_softmax/skip_max_subtraction caught=True 54.6ms
[G_lnfix] matmul/partial_k_reduct caught=True 135.6ms
[G_lnfix] matmul/skip_boundary_tiles caught=True 129.2ms
[G_lnfix] matmul/swapped_strides caught=True 10.8ms
[G_lnfix] matmul/wrong_dtype caught=True 11.0ms
[G_lnfix] max_pool1d/wrong_padding caught=True 54.7ms
[G_lnfix] max_pool2d/wrong_padding caught=True 54.1ms
[G_lnfix] max_pool3d/wrong_padding caught=True 72.6ms
[G_lnfix] max_reduction/wrong_padding caught=True 62.5ms
[G_lnfix] mean_reduction/partial_reduction caught=True 13.4ms
[G_lnfix] min_reduction/wrong_padding caught=True 57.1ms
[G_lnfix] rmsnorm/ignore_gamma caught=True 10.9ms
[G_lnfix] rmsnorm/partial_reduction caught=True 10.7ms
[G_lnfix] rmsnorm/wrong_norm caught=True 12.2ms
[G_lnfix] scaled_dot_product_attention/wrong_mask caught=True 1.6ms
[G_lnfix] softmax/first_tile caught=True 7.5ms
[G_lnfix] softmax/wrong_reduction caught=True 10.3ms
[G_lnfix] sum_reduction/partial_reduction caught=True 8.2ms
[G_lnfix] swish/linear_sigmoid_approx caught=True 40.0ms
[G_lnfix] SUMMARY catch 40/40 fp 0/200
