Q3 {'op': 'diagonal_matmul', 'error': "OutOfMemoryError('CUDA out of memory. Tried to allocate 7.81 GiB. GPU 0 has a total capacity of 14.56 GiB of which 6.47 GiB is free. Process 1126 has 156.00 MiB memory in use. Including non-PyTorch me", 'kind': 'declined_diag'}
Q3 {'op': 'triangular_matmul', 'error': "OutOfMemoryError('CUDA out of memory. Tried to allocate 3.91 GiB. GPU 0 has a total capacity of 14.56 GiB of which 2.56 GiB is free. Process 1126 has 156.00 MiB memory in use. Including non-PyTorch me", 'kind': 'declined_diag'}
=== Q1 K-convergence ===
  relu               closed 1.0000e+00  r400 1.124  r4k 1.037  r20k 1.016  [5s]
  sigmoid            closed 2.5000e-01  r400 1.112  r4k 1.034  r20k 1.011  [8s]
  tanh               closed 1.0000e+00  r400 1.102  r4k 1.026  r20k 1.010  [11s]
  swiglu             closed 4.6591e+00  r400 1.022  r4k 1.004  r20k 1.003  [14s]
  cumsum             closed 2.2627e+01  r400 1.092  r4k 1.016  r20k 1.013  [17s]
  cumsum_reverse     closed 2.2627e+01  r400 1.092  r4k 1.016  r20k 1.013  [21s]
  logsumexp          closed 1.0904e-01  r400 0.933  r4k 0.995  r20k 1.000  [24s]
  rope               closed 1.0000e+00  r400 1.164  r4k 1.046  r20k 1.023  [27s]
  matvec             closed 2.2620e+01  r400 1.120  r4k 1.031  r20k 1.016  [30s]
  std_reduction      closed 4.4237e-02  r400 1.121  r4k 1.037  r20k 1.014  [33s]
  mse_loss           closed 5.5268e-03  r400 0.981  r4k 1.006  r20k 1.011  [37s]
  new_gelu           closed 1.1290e+00  r400 1.117  r4k 1.028  r20k 1.011  [39s]
=== Q2 adversarial regime ===
  relu                 done [40s]
  leaky_relu           done [40s]
  sigmoid              done [40s]
  tanh                 done [41s]
  selu                 done [41s]
  elu                  done [42s]
  softplus             done [42s]
  hardsigmoid          done [42s]
  new_gelu             done [43s]
  cumsum               done [43s]
  cumsum_reverse       done [44s]
  cumsum_exclusive     done [44s]
  masked_cumsum        done [44s]
  matvec               done [45s]
  batched_matmul       done [45s]
  diagonal_matmul      done [45s]
  triangular_matmul    done [46s]
  mse_loss             done [46s]
  huber_loss           done [47s]
  bce_loss             done [47s]
  kldiv_loss           done [47s]
  nll_loss             done [48s]
  rope                 done [48s]
  swiglu               done [48s]
  logsumexp            done [49s]
  std_reduction        done [49s]
  var_reduction        done [49s]
PASS2 DONE 49.3s
