  FLAGGED search_history.db flash_attention N=[130] hit=0 mutants=[]
  FLAGGED search_history.db flash_attention N=[130] hit=0 mutants=[]
  FLAGGED search_history.db flash_attention N=[130] hit=0 mutants=["skip_rescaling"]
main flash_attention run 7b0a6e8d: 12 proposals, N%32!=0: 3
  FLAGGED search_history.db causal_flash_attention N=[2] hit=0 mutants=[]
  FLAGGED search_history.db causal_flash_attention N=[2] hit=0 mutants=[]
  FLAGGED search_history.db causal_flash_attention N=[2] hit=0 mutants=[]
  FLAGGED search_history.db causal_flash_attention N=[1] hit=0 mutants=[]
  FLAGGED search_history.db causal_flash_attention N=[2] hit=0 mutants=[]
  FLAGGED search_history.db causal_flash_attention N=[2] hit=0 mutants=[]
  FLAGGED search_history.db causal_flash_attention N=[1] hit=0 mutants=[]
  FLAGGED search_history.db causal_flash_attention N=[1] hit=0 mutants=[]
  FLAGGED search_history.db causal_flash_attention N=[1] hit=0 mutants=[]
  FLAGGED search_history.db causal_flash_attention N=[2] hit=0 mutants=[]
  FLAGGED search_history.db causal_flash_attention N=[2] hit=0 mutants=[]
  FLAGGED search_history.db causal_flash_attention N=[2] hit=0 mutants=[]
  FLAGGED search_history.db causal_flash_attention N=[2] hit=0 mutants=[]
  FLAGGED search_history.db causal_flash_attention N=[1] hit=0 mutants=[]
  FLAGGED search_history.db causal_flash_attention N=[1] hit=0 mutants=[]
  FLAGGED search_history.db causal_flash_attention N=[4] hit=0 mutants=[]
  FLAGGED search_history.db causal_flash_attention N=[16] hit=0 mutants=[]
  FLAGGED search_history.db causal_flash_attention N=[4] hit=0 mutants=[]
  FLAGGED search_history.db causal_flash_attention N=[2] hit=0 mutants=[]
  FLAGGED search_history.db causal_flash_attention N=[4] hit=0 mutants=[]
  FLAGGED search_history.db causal_flash_attention N=[16] hit=0 mutants=[]
  FLAGGED search_history.db causal_flash_attention N=[2] hit=0 mutants=[]
  FLAGGED search_history.db causal_flash_attention N=[4] hit=0 mutants=[]
  FLAGGED search_history.db causal_flash_attention N=[16] hit=0 mutants=[]
  FLAGGED search_history.db causal_flash_attention N=[1] hit=0 mutants=[]
  FLAGGED search_history.db causal_flash_attention N=[1] hit=0 mutants=[]
  FLAGGED search_history.db causal_flash_attention N=[4] hit=0 mutants=[]
  FLAGGED search_history.db causal_flash_attention N=[8] hit=0 mutants=[]
  FLAGGED search_history.db causal_flash_attention N=[16] hit=0 mutants=[]
  FLAGGED search_history.db causal_flash_attention N=[1] hit=0 mutants=[]
  FLAGGED search_history.db causal_flash_attention N=[16] hit=0 mutants=[]
  FLAGGED search_history.db causal_flash_attention N=[1] hit=0 mutants=[]
  FLAGGED search_history.db causal_flash_attention N=[16] hit=0 mutants=[]
  FLAGGED search_history.db causal_flash_attention N=[2] hit=0 mutants=[]
  FLAGGED search_history.db causal_flash_attention N=[33] hit=0 mutants=[]
  FLAGGED search_history.db causal_flash_attention N=[16] hit=0 mutants=[]
  FLAGGED search_history.db causal_flash_attention N=[1] hit=0 mutants=[]
  FLAGGED search_history.db causal_flash_attention N=[4] hit=0 mutants=[]
  FLAGGED search_history.db causal_flash_attention N=[33] hit=0 mutants=[]
  FLAGGED search_history.db causal_flash_attention N=[33] hit=0 mutants=[]
  FLAGGED search_history.db causal_flash_attention N=[2] hit=0 mutants=[]
  FLAGGED search_history.db causal_flash_attention N=[8] hit=0 mutants=[]
  FLAGGED search_history.db causal_flash_attention N=[33] hit=0 mutants=[]
  FLAGGED search_history.db causal_flash_attention N=[16] hit=0 mutants=[]
  FLAGGED search_history.db causal_flash_attention N=[4] hit=0 mutants=[]
  FLAGGED search_history.db causal_flash_attention N=[37] hit=0 mutants=[]
  FLAGGED search_history.db causal_flash_attention N=[8] hit=0 mutants=[]
  FLAGGED search_history.db causal_flash_attention N=[8] hit=0 mutants=[]
  FLAGGED search_history.db causal_flash_attention N=[2] hit=0 mutants=[]
  FLAGGED search_history.db causal_flash_attention N=[8] hit=0 mutants=[]
  FLAGGED search_history.db causal_flash_attention N=[5] hit=0 mutants=[]
  FLAGGED search_history.db causal_flash_attention N=[33] hit=0 mutants=[]
  FLAGGED search_history.db causal_flash_attention N=[1] hit=0 mutants=[]
  FLAGGED search_history.db causal_flash_attention N=[48] hit=0 mutants=[]
  FLAGGED search_history.db causal_flash_attention N=[2] hit=0 mutants=[]
  FLAGGED search_history.db causal_flash_attention N=[8] hit=0 mutants=[]
  FLAGGED search_history.db causal_flash_attention N=[33] hit=0 mutants=[]
  FLAGGED search_history.db causal_flash_attention N=[33] hit=0 mutants=[]
  FLAGGED search_history.db causal_flash_attention N=[4] hit=0 mutants=[]
  FLAGGED search_history.db causal_flash_attention N=[1, 64] hit=0 mutants=[]
  FLAGGED search_history.db causal_flash_attention N=[97] hit=0 mutants=[]
  FLAGGED search_history.db causal_flash_attention N=[16] hit=0 mutants=[]
  FLAGGED search_history.db causal_flash_attention N=[33] hit=0 mutants=[]
  FLAGGED search_history.db causal_flash_attention N=[8] hit=0 mutants=[]
  FLAGGED search_history.db causal_flash_attention N=[4] hit=0 mutants=[]
  FLAGGED search_history.db causal_flash_attention N=[33] hit=0 mutants=[]
  FLAGGED search_history.db causal_flash_attention N=[17] hit=0 mutants=[]
  FLAGGED search_history.db causal_flash_attention N=[8] hit=0 mutants=[]
  FLAGGED search_history.db causal_flash_attention N=[8] hit=0 mutants=[]
  FLAGGED search_history.db causal_flash_attention N=[4] hit=0 mutants=[]
  FLAGGED search_history.db causal_flash_attention N=[16] hit=0 mutants=[]
  FLAGGED search_history.db causal_flash_attention N=[16] hit=0 mutants=[]
  FLAGGED search_history.db causal_flash_attention N=[16] hit=0 mutants=[]
  FLAGGED search_history.db causal_flash_attention N=[33] hit=0 mutants=[]
  FLAGGED search_history.db causal_flash_attention N=[8] hit=0 mutants=[]
  FLAGGED search_history.db causal_flash_attention N=[16] hit=0 mutants=[]
  FLAGGED search_history.db causal_flash_attention N=[33] hit=0 mutants=[]
  FLAGGED search_history.db causal_flash_attention N=[33] hit=0 mutants=[]
  FLAGGED search_history.db causal_flash_attention N=[33] hit=0 mutants=[]
  FLAGGED search_history.db causal_flash_attention N=[48] hit=0 mutants=[]
  FLAGGED search_history.db causal_flash_attention N=[8] hit=0 mutants=[]
  FLAGGED search_history.db causal_flash_attention N=[4] hit=0 mutants=[]
  FLAGGED search_history.db causal_flash_attention N=[33] hit=0 mutants=[]
  FLAGGED search_history.db causal_flash_attention N=[48] hit=0 mutants=[]
  FLAGGED search_history.db causal_flash_attention N=[4] hit=0 mutants=[]
  FLAGGED search_history.db causal_flash_attention N=[33] hit=0 mutants=[]
  FLAGGED search_history.db causal_flash_attention N=[65] hit=0 mutants=[]
main causal_flash_attention run 403262a6: 120 proposals, N%32!=0: 87
  FLAGGED cfa_rerun_2026-08-20 causal_flash_attention N=[33] hit=0 mutants=[]
  FLAGGED cfa_rerun_2026-08-20 causal_flash_attention N=[65] hit=0 mutants=[]
  FLAGGED cfa_rerun_2026-08-20 causal_flash_attention N=[33] hit=0 mutants=[]
  FLAGGED cfa_rerun_2026-08-20 causal_flash_attention N=[33] hit=0 mutants=[]
  FLAGGED cfa_rerun_2026-08-20 causal_flash_attention N=[48] hit=0 mutants=[]
  FLAGGED cfa_rerun_2026-08-20 causal_flash_attention N=[48] hit=0 mutants=[]
  FLAGGED cfa_rerun_2026-08-20 causal_flash_attention N=[8] hit=0 mutants=[]
  FLAGGED cfa_rerun_2026-08-20 causal_flash_attention N=[65] hit=0 mutants=[]
  FLAGGED cfa_rerun_2026-08-20 causal_flash_attention N=[4] hit=0 mutants=[]
  FLAGGED cfa_rerun_2026-08-20 causal_flash_attention N=[33] hit=0 mutants=[]
  FLAGGED cfa_rerun_2026-08-20 causal_flash_attention N=[4] hit=0 mutants=[]
  FLAGGED cfa_rerun_2026-08-20 causal_flash_attention N=[16] hit=0 mutants=[]
  FLAGGED cfa_rerun_2026-08-20 causal_flash_attention N=[33] hit=0 mutants=[]
  FLAGGED cfa_rerun_2026-08-20 causal_flash_attention N=[33] hit=0 mutants=[]
  FLAGGED cfa_rerun_2026-08-20 causal_flash_attention N=[33] hit=0 mutants=[]
  FLAGGED cfa_rerun_2026-08-20 causal_flash_attention N=[48] hit=0 mutants=[]
  FLAGGED cfa_rerun_2026-08-20 causal_flash_attention N=[2] hit=0 mutants=[]
  FLAGGED cfa_rerun_2026-08-20 causal_flash_attention N=[65] hit=0 mutants=[]
  FLAGGED cfa_rerun_2026-08-20 causal_flash_attention N=[33] hit=0 mutants=[]
  FLAGGED cfa_rerun_2026-08-20 causal_flash_attention N=[16] hit=0 mutants=[]
  FLAGGED cfa_rerun_2026-08-20 causal_flash_attention N=[33] hit=0 mutants=[]
  FLAGGED cfa_rerun_2026-08-20 causal_flash_attention N=[33] hit=0 mutants=[]
  FLAGGED cfa_rerun_2026-08-20 causal_flash_attention N=[4] hit=0 mutants=[]
  FLAGGED cfa_rerun_2026-08-20 causal_flash_attention N=[48] hit=0 mutants=[]
  FLAGGED cfa_rerun_2026-08-20 causal_flash_attention N=[2] hit=0 mutants=[]
  FLAGGED cfa_rerun_2026-08-20 causal_flash_attention N=[65] hit=0 mutants=[]
  FLAGGED cfa_rerun_2026-08-20 causal_flash_attention N=[33] hit=0 mutants=[]
  FLAGGED cfa_rerun_2026-08-20 causal_flash_attention N=[33] hit=0 mutants=[]
  FLAGGED cfa_rerun_2026-08-20 causal_flash_attention N=[97] hit=0 mutants=[]
  FLAGGED cfa_rerun_2026-08-20 causal_flash_attention N=[65] hit=0 mutants=[]
  FLAGGED cfa_rerun_2026-08-20 causal_flash_attention N=[33] hit=0 mutants=[]
  FLAGGED cfa_rerun_2026-08-20 causal_flash_attention N=[100] hit=0 mutants=[]
  FLAGGED cfa_rerun_2026-08-20 causal_flash_attention N=[1] hit=0 mutants=[]
  FLAGGED cfa_rerun_2026-08-20 causal_flash_attention N=[33] hit=0 mutants=[]
  FLAGGED cfa_rerun_2026-08-20 causal_flash_attention N=[65] hit=0 mutants=[]
  FLAGGED cfa_rerun_2026-08-20 causal_flash_attention N=[33] hit=0 mutants=[]
cfa_rerun_2026-08-20 causal_flash_attention run 9f8d6da9: 80 proposals, N%32!=0: 36
  FLAGGED cfa_rerun_postfix_20 causal_flash_attention N=[65] hit=0 mutants=[]
  FLAGGED cfa_rerun_postfix_20 causal_flash_attention N=[33] hit=0 mutants=[]
  FLAGGED cfa_rerun_postfix_20 causal_flash_attention N=[33] hit=0 mutants=[]
  FLAGGED cfa_rerun_postfix_20 causal_flash_attention N=[65] hit=0 mutants=[]
  FLAGGED cfa_rerun_postfix_20 causal_flash_attention N=[33] hit=0 mutants=[]
  FLAGGED cfa_rerun_postfix_20 causal_flash_attention N=[2] hit=0 mutants=[]
  FLAGGED cfa_rerun_postfix_20 causal_flash_attention N=[1] hit=0 mutants=[]
  FLAGGED cfa_rerun_postfix_20 causal_flash_attention N=[65] hit=0 mutants=[]
  FLAGGED cfa_rerun_postfix_20 causal_flash_attention N=[1] hit=0 mutants=[]
  FLAGGED cfa_rerun_postfix_20 causal_flash_attention N=[33] hit=0 mutants=[]
  FLAGGED cfa_rerun_postfix_20 causal_flash_attention N=[100] hit=0 mutants=[]
  FLAGGED cfa_rerun_postfix_20 causal_flash_attention N=[65] hit=0 mutants=[]
  FLAGGED cfa_rerun_postfix_20 causal_flash_attention N=[33] hit=0 mutants=[]
  FLAGGED cfa_rerun_postfix_20 causal_flash_attention N=[33] hit=0 mutants=[]
  FLAGGED cfa_rerun_postfix_20 causal_flash_attention N=[33] hit=0 mutants=[]
  FLAGGED cfa_rerun_postfix_20 causal_flash_attention N=[2] hit=0 mutants=[]
  FLAGGED cfa_rerun_postfix_20 causal_flash_attention N=[65] hit=0 mutants=[]
  FLAGGED cfa_rerun_postfix_20 causal_flash_attention N=[16] hit=0 mutants=[]
  FLAGGED cfa_rerun_postfix_20 causal_flash_attention N=[33] hit=0 mutants=[]
  FLAGGED cfa_rerun_postfix_20 causal_flash_attention N=[65] hit=0 mutants=[]
  FLAGGED cfa_rerun_postfix_20 causal_flash_attention N=[65] hit=0 mutants=[]
  FLAGGED cfa_rerun_postfix_20 causal_flash_attention N=[33] hit=0 mutants=[]
  FLAGGED cfa_rerun_postfix_20 causal_flash_attention N=[16] hit=0 mutants=[]
  FLAGGED cfa_rerun_postfix_20 causal_flash_attention N=[65] hit=0 mutants=[]
  FLAGGED cfa_rerun_postfix_20 causal_flash_attention N=[97] hit=0 mutants=[]
  FLAGGED cfa_rerun_postfix_20 causal_flash_attention N=[1] hit=0 mutants=[]
  FLAGGED cfa_rerun_postfix_20 causal_flash_attention N=[97] hit=0 mutants=[]
  FLAGGED cfa_rerun_postfix_20 causal_flash_attention N=[65] hit=0 mutants=[]
cfa_rerun_postfix_2026-08-21 causal_flash_attention run e999b812: 74 proposals, N%32!=0: 28
